/data/CHIMERA/Workspace/DBT/M4/MQX/lib/twrvf65gs10_m4.gcc_arm/release/bsp/obj/mqx_main.o
/data/CHIMERA/Workspace/DBT/M4/MQX/lib/twrvf65gs10_m4.gcc_arm/release/bsp/obj/init_i2c.o
/data/CHIMERA/Workspace/DBT/M4/MQX/lib/twrvf65gs10_m4.gcc_arm/release/bsp/obj/vybrid_wkpu.o
/data/CHIMERA/Workspace/DBT/M4/MQX/lib/twrvf65gs10_m4.gcc_arm/release/bsp/obj/esdhc.o
/data/CHIMERA/Workspace/DBT/M4/MQX/lib/twrvf65gs10_m4.gcc_arm/release/bsp/obj/macnet_stop.o
/data/CHIMERA/Workspace/DBT/M4/MQX/lib/twrvf65gs10_m4.gcc_arm/release/bsp/obj/enmediactl.o
/data/CHIMERA/Workspace/DBT/M4/MQX/lib/twrvf65gs10_m4.gcc_arm/release/bsp/obj/i2c_qi2c_vybrid_m4.o
/data/CHIMERA/Workspace/DBT/M4/MQX/lib/twrvf65gs10_m4.gcc_arm/release/bsp/obj/srtc.o
/data/CHIMERA/Workspace/DBT/M4/MQX/lib/twrvf65gs10_m4.gcc_arm/release/bsp/obj/hwtimer.o
/data/CHIMERA/Workspace/DBT/M4/MQX/lib/twrvf65gs10_m4.gcc_arm/release/bsp/obj/bsp_clk_nodes.o
/data/CHIMERA/Workspace/DBT/M4/MQX/lib/twrvf65gs10_m4.gcc_arm/release/bsp/obj/i2c_pol_qi2c.o
/data/CHIMERA/Workspace/DBT/M4/MQX/lib/twrvf65gs10_m4.gcc_arm/release/bsp/obj/pcb_shm.o
/data/CHIMERA/Workspace/DBT/M4/MQX/lib/twrvf65gs10_m4.gcc_arm/release/bsp/obj/hwtimer_pit.o
/data/CHIMERA/Workspace/DBT/M4/MQX/lib/twrvf65gs10_m4.gcc_arm/release/bsp/obj/enclose.o
/data/CHIMERA/Workspace/DBT/M4/MQX/lib/twrvf65gs10_m4.gcc_arm/release/bsp/obj/qspi_quadspi.o
/data/CHIMERA/Workspace/DBT/M4/MQX/lib/twrvf65gs10_m4.gcc_arm/release/bsp/obj/i2c_int_qi2c.o
/data/CHIMERA/Workspace/DBT/M4/MQX/lib/twrvf65gs10_m4.gcc_arm/release/bsp/obj/sai_int.o
/data/CHIMERA/Workspace/DBT/M4/MQX/lib/twrvf65gs10_m4.gcc_arm/release/bsp/obj/init_enet.o
/data/CHIMERA/Workspace/DBT/M4/MQX/lib/twrvf65gs10_m4.gcc_arm/release/bsp/obj/usb_vybrid_device.o
/data/CHIMERA/Workspace/DBT/M4/MQX/lib/twrvf65gs10_m4.gcc_arm/release/bsp/obj/init_hw.o
/data/CHIMERA/Workspace/DBT/M4/MQX/lib/twrvf65gs10_m4.gcc_arm/release/bsp/obj/init_bsp.o
/data/CHIMERA/Workspace/DBT/M4/MQX/lib/twrvf65gs10_m4.gcc_arm/release/bsp/obj/init_core_mutex.o
/data/CHIMERA/Workspace/DBT/M4/MQX/lib/twrvf65gs10_m4.gcc_arm/release/bsp/obj/edma.o
/data/CHIMERA/Workspace/DBT/M4/MQX/lib/twrvf65gs10_m4.gcc_arm/release/bsp/obj/macnet_mii.o
/data/CHIMERA/Workspace/DBT/M4/MQX/lib/twrvf65gs10_m4.gcc_arm/release/bsp/obj/io_pcb2.o
/data/CHIMERA/Workspace/DBT/M4/MQX/lib/twrvf65gs10_m4.gcc_arm/release/bsp/obj/io_pipe.o
/data/CHIMERA/Workspace/DBT/M4/MQX/lib/twrvf65gs10_m4.gcc_arm/release/bsp/obj/lpm_vybrid.o
/data/CHIMERA/Workspace/DBT/M4/MQX/lib/twrvf65gs10_m4.gcc_arm/release/bsp/obj/macnet_send.o
/data/CHIMERA/Workspace/DBT/M4/MQX/lib/twrvf65gs10_m4.gcc_arm/release/bsp/obj/i2c_int.o
/data/CHIMERA/Workspace/DBT/M4/MQX/lib/twrvf65gs10_m4.gcc_arm/release/bsp/obj/enerr.o
/data/CHIMERA/Workspace/DBT/M4/MQX/lib/twrvf65gs10_m4.gcc_arm/release/bsp/obj/iop_inst.o
/data/CHIMERA/Workspace/DBT/M4/MQX/lib/twrvf65gs10_m4.gcc_arm/release/bsp/obj/sdcard.o
/data/CHIMERA/Workspace/DBT/M4/MQX/lib/twrvf65gs10_m4.gcc_arm/release/bsp/obj/hwtimer_systick.o
/data/CHIMERA/Workspace/DBT/M4/MQX/lib/twrvf65gs10_m4.gcc_arm/release/bsp/obj/i2c_pol.o
/data/CHIMERA/Workspace/DBT/M4/MQX/lib/twrvf65gs10_m4.gcc_arm/release/bsp/obj/qspi.o
/data/CHIMERA/Workspace/DBT/M4/MQX/lib/twrvf65gs10_m4.gcc_arm/release/bsp/obj/init_dma.o
/data/CHIMERA/Workspace/DBT/M4/MQX/lib/twrvf65gs10_m4.gcc_arm/release/bsp/obj/init_sai.o
/data/CHIMERA/Workspace/DBT/M4/MQX/lib/twrvf65gs10_m4.gcc_arm/release/bsp/obj/spi_dspi_dma.o
/data/CHIMERA/Workspace/DBT/M4/MQX/lib/twrvf65gs10_m4.gcc_arm/release/bsp/obj/macnet_util.o
/data/CHIMERA/Workspace/DBT/M4/MQX/lib/twrvf65gs10_m4.gcc_arm/release/bsp/obj/tfs.o
/data/CHIMERA/Workspace/DBT/M4/MQX/lib/twrvf65gs10_m4.gcc_arm/release/bsp/obj/init_nandflash.o
/data/CHIMERA/Workspace/DBT/M4/MQX/lib/twrvf65gs10_m4.gcc_arm/release/bsp/obj/nfc.o
/data/CHIMERA/Workspace/DBT/M4/MQX/lib/twrvf65gs10_m4.gcc_arm/release/bsp/obj/MT29F2G16.o
/data/CHIMERA/Workspace/DBT/M4/MQX/lib/twrvf65gs10_m4.gcc_arm/release/bsp/obj/bsp_cm.o
/data/CHIMERA/Workspace/DBT/M4/MQX/lib/twrvf65gs10_m4.gcc_arm/release/bsp/obj/macnet_1588.o
/data/CHIMERA/Workspace/DBT/M4/MQX/lib/twrvf65gs10_m4.gcc_arm/release/bsp/obj/enjoin.o
/data/CHIMERA/Workspace/DBT/M4/MQX/lib/twrvf65gs10_m4.gcc_arm/release/bsp/obj/edma_vybrid_m4.o
/data/CHIMERA/Workspace/DBT/M4/MQX/lib/twrvf65gs10_m4.gcc_arm/release/bsp/obj/init_pcb_shm.o
/data/CHIMERA/Workspace/DBT/M4/MQX/lib/twrvf65gs10_m4.gcc_arm/release/bsp/obj/init_sci.o
/data/CHIMERA/Workspace/DBT/M4/MQX/lib/twrvf65gs10_m4.gcc_arm/release/bsp/obj/qspi_vybrid_m4.o
/data/CHIMERA/Workspace/DBT/M4/MQX/lib/twrvf65gs10_m4.gcc_arm/release/bsp/obj/nfc_vf65gs10.o
/data/CHIMERA/Workspace/DBT/M4/MQX/lib/twrvf65gs10_m4.gcc_arm/release/bsp/obj/usb_vybrid.o
/data/CHIMERA/Workspace/DBT/M4/MQX/lib/twrvf65gs10_m4.gcc_arm/release/bsp/obj/mqx_init.o
/data/CHIMERA/Workspace/DBT/M4/MQX/lib/twrvf65gs10_m4.gcc_arm/release/bsp/obj/enstop.o
/data/CHIMERA/Workspace/DBT/M4/MQX/lib/twrvf65gs10_m4.gcc_arm/release/bsp/obj/init_esdhc.o
/data/CHIMERA/Workspace/DBT/M4/MQX/lib/twrvf65gs10_m4.gcc_arm/release/bsp/obj/esdhc_vf65gs10_m4.o
/data/CHIMERA/Workspace/DBT/M4/MQX/lib/twrvf65gs10_m4.gcc_arm/release/bsp/obj/pcb_shm_vybrid_m4.o
/data/CHIMERA/Workspace/DBT/M4/MQX/lib/twrvf65gs10_m4.gcc_arm/release/bsp/obj/macnet_rejoin.o
/data/CHIMERA/Workspace/DBT/M4/MQX/lib/twrvf65gs10_m4.gcc_arm/release/bsp/obj/enutil.o
/data/CHIMERA/Workspace/DBT/M4/MQX/lib/twrvf65gs10_m4.gcc_arm/release/bsp/obj/serl_dma_kuart.o
/data/CHIMERA/Workspace/DBT/M4/MQX/lib/twrvf65gs10_m4.gcc_arm/release/bsp/obj/spi.o
/data/CHIMERA/Workspace/DBT/M4/MQX/lib/twrvf65gs10_m4.gcc_arm/release/bsp/obj/rtc_vf65gs10_m4.o
/data/CHIMERA/Workspace/DBT/M4/MQX/lib/twrvf65gs10_m4.gcc_arm/release/bsp/obj/serl_pol.o
/data/CHIMERA/Workspace/DBT/M4/MQX/lib/twrvf65gs10_m4.gcc_arm/release/bsp/obj/init_lwadc.o
/data/CHIMERA/Workspace/DBT/M4/MQX/lib/twrvf65gs10_m4.gcc_arm/release/bsp/obj/macnet_init.o
/data/CHIMERA/Workspace/DBT/M4/MQX/lib/twrvf65gs10_m4.gcc_arm/release/bsp/obj/sema4_vybrid.o
/data/CHIMERA/Workspace/DBT/M4/MQX/lib/twrvf65gs10_m4.gcc_arm/release/bsp/obj/spi_vybrid_m4.o
/data/CHIMERA/Workspace/DBT/M4/MQX/lib/twrvf65gs10_m4.gcc_arm/release/bsp/obj/enleave.o
/data/CHIMERA/Workspace/DBT/M4/MQX/lib/twrvf65gs10_m4.gcc_arm/release/bsp/obj/sai_vf65gs10.o
/data/CHIMERA/Workspace/DBT/M4/MQX/lib/twrvf65gs10_m4.gcc_arm/release/bsp/obj/fsl_flexcan_int.o
/data/CHIMERA/Workspace/DBT/M4/MQX/lib/twrvf65gs10_m4.gcc_arm/release/bsp/obj/enrecv.o
/data/CHIMERA/Workspace/DBT/M4/MQX/lib/twrvf65gs10_m4.gcc_arm/release/bsp/obj/lwadc_vadc.o
/data/CHIMERA/Workspace/DBT/M4/MQX/lib/twrvf65gs10_m4.gcc_arm/release/bsp/obj/lwgpio.o
/data/CHIMERA/Workspace/DBT/M4/MQX/lib/twrvf65gs10_m4.gcc_arm/release/bsp/obj/core_mutex_sema4.o
/data/CHIMERA/Workspace/DBT/M4/MQX/lib/twrvf65gs10_m4.gcc_arm/release/bsp/obj/spi_dspi.o
/data/CHIMERA/Workspace/DBT/M4/MQX/lib/twrvf65gs10_m4.gcc_arm/release/bsp/obj/lpm.o
/data/CHIMERA/Workspace/DBT/M4/MQX/lib/twrvf65gs10_m4.gcc_arm/release/bsp/obj/enstat.o
/data/CHIMERA/Workspace/DBT/M4/MQX/lib/twrvf65gs10_m4.gcc_arm/release/bsp/obj/eninit.o
/data/CHIMERA/Workspace/DBT/M4/MQX/lib/twrvf65gs10_m4.gcc_arm/release/bsp/obj/io_mem.o
/data/CHIMERA/Workspace/DBT/M4/MQX/lib/twrvf65gs10_m4.gcc_arm/release/bsp/obj/fsl_flexcan_hal.o
/data/CHIMERA/Workspace/DBT/M4/MQX/lib/twrvf65gs10_m4.gcc_arm/release/bsp/obj/lwgpio_vgpio.o
/data/CHIMERA/Workspace/DBT/M4/MQX/lib/twrvf65gs10_m4.gcc_arm/release/bsp/obj/init_sdcard.o
/data/CHIMERA/Workspace/DBT/M4/MQX/lib/twrvf65gs10_m4.gcc_arm/release/bsp/obj/init_gpio.o
/data/CHIMERA/Workspace/DBT/M4/MQX/lib/twrvf65gs10_m4.gcc_arm/release/bsp/obj/dma.o
/data/CHIMERA/Workspace/DBT/M4/MQX/lib/twrvf65gs10_m4.gcc_arm/release/bsp/obj/init_spi.o
/data/CHIMERA/Workspace/DBT/M4/MQX/lib/twrvf65gs10_m4.gcc_arm/release/bsp/obj/sdcard_esdhc.o
/data/CHIMERA/Workspace/DBT/M4/MQX/lib/twrvf65gs10_m4.gcc_arm/release/bsp/obj/macnet_vybrid.o
/data/CHIMERA/Workspace/DBT/M4/MQX/lib/twrvf65gs10_m4.gcc_arm/release/bsp/obj/spi_dspi_common.o
/data/CHIMERA/Workspace/DBT/M4/MQX/lib/twrvf65gs10_m4.gcc_arm/release/bsp/obj/usb_install.o
/data/CHIMERA/Workspace/DBT/M4/MQX/lib/twrvf65gs10_m4.gcc_arm/release/bsp/obj/sai_int_ksai.o
/data/CHIMERA/Workspace/DBT/M4/MQX/lib/twrvf65gs10_m4.gcc_arm/release/bsp/obj/serl_vybrid.o
/data/CHIMERA/Workspace/DBT/M4/MQX/lib/twrvf65gs10_m4.gcc_arm/release/bsp/obj/enopen.o
/data/CHIMERA/Workspace/DBT/M4/MQX/lib/twrvf65gs10_m4.gcc_arm/release/bsp/obj/hwtimer_vybrid_m4.o
/data/CHIMERA/Workspace/DBT/M4/MQX/lib/twrvf65gs10_m4.gcc_arm/release/bsp/obj/macnet_join.o
/data/CHIMERA/Workspace/DBT/M4/MQX/lib/twrvf65gs10_m4.gcc_arm/release/bsp/obj/ensend.o
/data/CHIMERA/Workspace/DBT/M4/MQX/lib/twrvf65gs10_m4.gcc_arm/release/bsp/obj/init_usb.o
/data/CHIMERA/Workspace/DBT/M4/MQX/lib/twrvf65gs10_m4.gcc_arm/release/bsp/obj/sai_dma_ksai.o
/data/CHIMERA/Workspace/DBT/M4/MQX/lib/twrvf65gs10_m4.gcc_arm/release/bsp/obj/init_qspi.o
/data/CHIMERA/Workspace/DBT/M4/MQX/lib/twrvf65gs10_m4.gcc_arm/release/bsp/obj/init_lpm.o
/data/CHIMERA/Workspace/DBT/M4/MQX/lib/twrvf65gs10_m4.gcc_arm/release/bsp/obj/enaddr.o
/data/CHIMERA/Workspace/DBT/M4/MQX/lib/twrvf65gs10_m4.gcc_arm/release/bsp/obj/lwadc_vybrid.o
/data/CHIMERA/Workspace/DBT/M4/MQX/lib/twrvf65gs10_m4.gcc_arm/release/bsp/obj/vectors.o
/data/CHIMERA/Workspace/DBT/M4/MQX/lib/twrvf65gs10_m4.gcc_arm/release/bsp/obj/io_pcb.o
/data/CHIMERA/Workspace/DBT/M4/MQX/lib/twrvf65gs10_m4.gcc_arm/release/bsp/obj/serl_int.o
/data/CHIMERA/Workspace/DBT/M4/MQX/lib/twrvf65gs10_m4.gcc_arm/release/bsp/obj/fsl_flexcan_driver.o
/data/CHIMERA/Workspace/DBT/M4/MQX/lib/twrvf65gs10_m4.gcc_arm/release/bsp/obj/cm.o
/data/CHIMERA/Workspace/DBT/M4/MQX/lib/twrvf65gs10_m4.gcc_arm/release/bsp/obj/nandflash.o
/data/CHIMERA/Workspace/DBT/M4/MQX/lib/twrvf65gs10_m4.gcc_arm/release/bsp/obj/phy_dp83xxx.o
/data/CHIMERA/Workspace/DBT/M4/MQX/lib/twrvf65gs10_m4.gcc_arm/release/bsp/obj/bsp_clk_api.o
/data/CHIMERA/Workspace/DBT/M4/MQX/lib/twrvf65gs10_m4.gcc_arm/release/bsp/obj/io_sinit.o
/data/CHIMERA/Workspace/DBT/M4/MQX/lib/twrvf65gs10_m4.gcc_arm/release/bsp/obj/serl_int_kuart.o
/data/CHIMERA/Workspace/DBT/M4/MQX/lib/twrvf65gs10_m4.gcc_arm/release/bsp/obj/pcb_mqxa.o
/data/CHIMERA/Workspace/DBT/M4/MQX/lib/twrvf65gs10_m4.gcc_arm/release/bsp/obj/io_null.o
/data/CHIMERA/Workspace/DBT/M4/MQX/lib/twrvf65gs10_m4.gcc_arm/release/bsp/obj/macnet_receive.o
/data/CHIMERA/Workspace/DBT/M4/MQX/lib/twrvf65gs10_m4.gcc_arm/release/bsp/obj/core_mutex.o
/data/CHIMERA/Workspace/DBT/M4/MQX/lib/twrvf65gs10_m4.gcc_arm/release/bsp/obj/serl_pol_kuart.o
