/data/CHIMERA/MQX_4_1_1_LINUX_GA/lib/twrvf65gs10_m4.gcc_arm/release/rtcs/obj/rtcslog1.o
/data/CHIMERA/MQX_4_1_1_LINUX_GA/lib/twrvf65gs10_m4.gcc_arm/release/rtcs/obj/sntp.o
/data/CHIMERA/MQX_4_1_1_LINUX_GA/lib/twrvf65gs10_m4.gcc_arm/release/rtcs/obj/ipif_rem.o
/data/CHIMERA/MQX_4_1_1_LINUX_GA/lib/twrvf65gs10_m4.gcc_arm/release/rtcs/obj/rtcsglob.o
/data/CHIMERA/MQX_4_1_1_LINUX_GA/lib/twrvf65gs10_m4.gcc_arm/release/rtcs/obj/pppfsm.o
/data/CHIMERA/MQX_4_1_1_LINUX_GA/lib/twrvf65gs10_m4.gcc_arm/release/rtcs/obj/ftpsrv_task.o
/data/CHIMERA/MQX_4_1_1_LINUX_GA/lib/twrvf65gs10_m4.gcc_arm/release/rtcs/obj/ftpclnt.o
/data/CHIMERA/MQX_4_1_1_LINUX_GA/lib/twrvf65gs10_m4.gcc_arm/release/rtcs/obj/tftputil.o
/data/CHIMERA/MQX_4_1_1_LINUX_GA/lib/twrvf65gs10_m4.gcc_arm/release/rtcs/obj/ghbname.o
/data/CHIMERA/MQX_4_1_1_LINUX_GA/lib/twrvf65gs10_m4.gcc_arm/release/rtcs/obj/ipif_add.o
/data/CHIMERA/MQX_4_1_1_LINUX_GA/lib/twrvf65gs10_m4.gcc_arm/release/rtcs/obj/rtcsmsec.o
/data/CHIMERA/MQX_4_1_1_LINUX_GA/lib/twrvf65gs10_m4.gcc_arm/release/rtcs/obj/ftpsrv_cmd.o
/data/CHIMERA/MQX_4_1_1_LINUX_GA/lib/twrvf65gs10_m4.gcc_arm/release/rtcs/obj/1213.o
/data/CHIMERA/MQX_4_1_1_LINUX_GA/lib/twrvf65gs10_m4.gcc_arm/release/rtcs/obj/rtcsdate.o
/data/CHIMERA/MQX_4_1_1_LINUX_GA/lib/twrvf65gs10_m4.gcc_arm/release/rtcs/obj/rtcspart.o
/data/CHIMERA/MQX_4_1_1_LINUX_GA/lib/twrvf65gs10_m4.gcc_arm/release/rtcs/obj/solink.o
/data/CHIMERA/MQX_4_1_1_LINUX_GA/lib/twrvf65gs10_m4.gcc_arm/release/rtcs/obj/soip.o
/data/CHIMERA/MQX_4_1_1_LINUX_GA/lib/twrvf65gs10_m4.gcc_arm/release/rtcs/obj/dhcputil.o
/data/CHIMERA/MQX_4_1_1_LINUX_GA/lib/twrvf65gs10_m4.gcc_arm/release/rtcs/obj/proxyarp.o
/data/CHIMERA/MQX_4_1_1_LINUX_GA/lib/twrvf65gs10_m4.gcc_arm/release/rtcs/obj/ftpsrv.o
/data/CHIMERA/MQX_4_1_1_LINUX_GA/lib/twrvf65gs10_m4.gcc_arm/release/rtcs/obj/mqxmib.o
/data/CHIMERA/MQX_4_1_1_LINUX_GA/lib/twrvf65gs10_m4.gcc_arm/release/rtcs/obj/iwcfg.o
/data/CHIMERA/MQX_4_1_1_LINUX_GA/lib/twrvf65gs10_m4.gcc_arm/release/rtcs/obj/arpcmd.o
/data/CHIMERA/MQX_4_1_1_LINUX_GA/lib/twrvf65gs10_m4.gcc_arm/release/rtcs/obj/rtcspcb.o
/data/CHIMERA/MQX_4_1_1_LINUX_GA/lib/twrvf65gs10_m4.gcc_arm/release/rtcs/obj/tcp.o
/data/CHIMERA/MQX_4_1_1_LINUX_GA/lib/twrvf65gs10_m4.gcc_arm/release/rtcs/obj/soigmp.o
/data/CHIMERA/MQX_4_1_1_LINUX_GA/lib/twrvf65gs10_m4.gcc_arm/release/rtcs/obj/dhcpsrv.o
/data/CHIMERA/MQX_4_1_1_LINUX_GA/lib/twrvf65gs10_m4.gcc_arm/release/rtcs/obj/ifppp.o
/data/CHIMERA/MQX_4_1_1_LINUX_GA/lib/twrvf65gs10_m4.gcc_arm/release/rtcs/obj/md5step.o
/data/CHIMERA/MQX_4_1_1_LINUX_GA/lib/twrvf65gs10_m4.gcc_arm/release/rtcs/obj/ipcpfsm.o
/data/CHIMERA/MQX_4_1_1_LINUX_GA/lib/twrvf65gs10_m4.gcc_arm/release/rtcs/obj/natalg.o
/data/CHIMERA/MQX_4_1_1_LINUX_GA/lib/twrvf65gs10_m4.gcc_arm/release/rtcs/obj/natftp.o
/data/CHIMERA/MQX_4_1_1_LINUX_GA/lib/twrvf65gs10_m4.gcc_arm/release/rtcs/obj/arpinit.o
/data/CHIMERA/MQX_4_1_1_LINUX_GA/lib/twrvf65gs10_m4.gcc_arm/release/rtcs/obj/tcp_rcv.o
/data/CHIMERA/MQX_4_1_1_LINUX_GA/lib/twrvf65gs10_m4.gcc_arm/release/rtcs/obj/arp.o
/data/CHIMERA/MQX_4_1_1_LINUX_GA/lib/twrvf65gs10_m4.gcc_arm/release/rtcs/obj/eds.o
/data/CHIMERA/MQX_4_1_1_LINUX_GA/lib/twrvf65gs10_m4.gcc_arm/release/rtcs/obj/pktrx.o
/data/CHIMERA/MQX_4_1_1_LINUX_GA/lib/twrvf65gs10_m4.gcc_arm/release/rtcs/obj/ftpc_cmd.o
/data/CHIMERA/MQX_4_1_1_LINUX_GA/lib/twrvf65gs10_m4.gcc_arm/release/rtcs/obj/tcpip.o
/data/CHIMERA/MQX_4_1_1_LINUX_GA/lib/twrvf65gs10_m4.gcc_arm/release/rtcs/obj/ifstat.o
/data/CHIMERA/MQX_4_1_1_LINUX_GA/lib/twrvf65gs10_m4.gcc_arm/release/rtcs/obj/rtcs_base64.o
/data/CHIMERA/MQX_4_1_1_LINUX_GA/lib/twrvf65gs10_m4.gcc_arm/release/rtcs/obj/dhcpclnt.o
/data/CHIMERA/MQX_4_1_1_LINUX_GA/lib/twrvf65gs10_m4.gcc_arm/release/rtcs/obj/ftpc.o
/data/CHIMERA/MQX_4_1_1_LINUX_GA/lib/twrvf65gs10_m4.gcc_arm/release/rtcs/obj/genmd5.o
/data/CHIMERA/MQX_4_1_1_LINUX_GA/lib/twrvf65gs10_m4.gcc_arm/release/rtcs/obj/resolver.o
/data/CHIMERA/MQX_4_1_1_LINUX_GA/lib/twrvf65gs10_m4.gcc_arm/release/rtcs/obj/ftpsrv_msg.o
/data/CHIMERA/MQX_4_1_1_LINUX_GA/lib/twrvf65gs10_m4.gcc_arm/release/rtcs/obj/sstream.o
/data/CHIMERA/MQX_4_1_1_LINUX_GA/lib/twrvf65gs10_m4.gcc_arm/release/rtcs/obj/rtcshost.o
/data/CHIMERA/MQX_4_1_1_LINUX_GA/lib/twrvf65gs10_m4.gcc_arm/release/rtcs/obj/ccp.o
/data/CHIMERA/MQX_4_1_1_LINUX_GA/lib/twrvf65gs10_m4.gcc_arm/release/rtcs/obj/md5.o
/data/CHIMERA/MQX_4_1_1_LINUX_GA/lib/twrvf65gs10_m4.gcc_arm/release/rtcs/obj/sosel.o
/data/CHIMERA/MQX_4_1_1_LINUX_GA/lib/twrvf65gs10_m4.gcc_arm/release/rtcs/obj/tftpsrv.o
/data/CHIMERA/MQX_4_1_1_LINUX_GA/lib/twrvf65gs10_m4.gcc_arm/release/rtcs/obj/ping6.o
/data/CHIMERA/MQX_4_1_1_LINUX_GA/lib/twrvf65gs10_m4.gcc_arm/release/rtcs/obj/sockio.o
/data/CHIMERA/MQX_4_1_1_LINUX_GA/lib/twrvf65gs10_m4.gcc_arm/release/rtcs/obj/dnsinit.o
/data/CHIMERA/MQX_4_1_1_LINUX_GA/lib/twrvf65gs10_m4.gcc_arm/release/rtcs/obj/pap.o
/data/CHIMERA/MQX_4_1_1_LINUX_GA/lib/twrvf65gs10_m4.gcc_arm/release/rtcs/obj/rtcsmsg.o
/data/CHIMERA/MQX_4_1_1_LINUX_GA/lib/twrvf65gs10_m4.gcc_arm/release/rtcs/obj/rtcsrand.o
/data/CHIMERA/MQX_4_1_1_LINUX_GA/lib/twrvf65gs10_m4.gcc_arm/release/rtcs/obj/ifdhcp.o
/data/CHIMERA/MQX_4_1_1_LINUX_GA/lib/twrvf65gs10_m4.gcc_arm/release/rtcs/obj/icmp.o
/data/CHIMERA/MQX_4_1_1_LINUX_GA/lib/twrvf65gs10_m4.gcc_arm/release/rtcs/obj/chap.o
/data/CHIMERA/MQX_4_1_1_LINUX_GA/lib/twrvf65gs10_m4.gcc_arm/release/rtcs/obj/httpsrv_supp.o
/data/CHIMERA/MQX_4_1_1_LINUX_GA/lib/twrvf65gs10_m4.gcc_arm/release/rtcs/obj/dnshosts.o
/data/CHIMERA/MQX_4_1_1_LINUX_GA/lib/twrvf65gs10_m4.gcc_arm/release/rtcs/obj/rtcsdela.o
/data/CHIMERA/MQX_4_1_1_LINUX_GA/lib/twrvf65gs10_m4.gcc_arm/release/rtcs/obj/dnscln.o
/data/CHIMERA/MQX_4_1_1_LINUX_GA/lib/twrvf65gs10_m4.gcc_arm/release/rtcs/obj/bootp.o
/data/CHIMERA/MQX_4_1_1_LINUX_GA/lib/twrvf65gs10_m4.gcc_arm/release/rtcs/obj/ftpsrv_cmd_file.o
/data/CHIMERA/MQX_4_1_1_LINUX_GA/lib/twrvf65gs10_m4.gcc_arm/release/rtcs/obj/trap_receivers.o
/data/CHIMERA/MQX_4_1_1_LINUX_GA/lib/twrvf65gs10_m4.gcc_arm/release/rtcs/obj/ifbootp.o
/data/CHIMERA/MQX_4_1_1_LINUX_GA/lib/twrvf65gs10_m4.gcc_arm/release/rtcs/obj/ftpsrv_cmd_transfer.o
/data/CHIMERA/MQX_4_1_1_LINUX_GA/lib/twrvf65gs10_m4.gcc_arm/release/rtcs/obj/ppphdlc.o
/data/CHIMERA/MQX_4_1_1_LINUX_GA/lib/twrvf65gs10_m4.gcc_arm/release/rtcs/obj/iftraps.o
/data/CHIMERA/MQX_4_1_1_LINUX_GA/lib/twrvf65gs10_m4.gcc_arm/release/rtcs/obj/sockutil.o
/data/CHIMERA/MQX_4_1_1_LINUX_GA/lib/twrvf65gs10_m4.gcc_arm/release/rtcs/obj/getnameinfo.o
/data/CHIMERA/MQX_4_1_1_LINUX_GA/lib/twrvf65gs10_m4.gcc_arm/release/rtcs/obj/nat_apply.o
/data/CHIMERA/MQX_4_1_1_LINUX_GA/lib/twrvf65gs10_m4.gcc_arm/release/rtcs/obj/traps.o
/data/CHIMERA/MQX_4_1_1_LINUX_GA/lib/twrvf65gs10_m4.gcc_arm/release/rtcs/obj/telnetio.o
/data/CHIMERA/MQX_4_1_1_LINUX_GA/lib/twrvf65gs10_m4.gcc_arm/release/rtcs/obj/ifadd.o
/data/CHIMERA/MQX_4_1_1_LINUX_GA/lib/twrvf65gs10_m4.gcc_arm/release/rtcs/obj/ipradix.o
/data/CHIMERA/MQX_4_1_1_LINUX_GA/lib/twrvf65gs10_m4.gcc_arm/release/rtcs/obj/timer.o
/data/CHIMERA/MQX_4_1_1_LINUX_GA/lib/twrvf65gs10_m4.gcc_arm/release/rtcs/obj/rtcssec.o
/data/CHIMERA/MQX_4_1_1_LINUX_GA/lib/twrvf65gs10_m4.gcc_arm/release/rtcs/obj/iproute.o
/data/CHIMERA/MQX_4_1_1_LINUX_GA/lib/twrvf65gs10_m4.gcc_arm/release/rtcs/obj/telnsrv.o
/data/CHIMERA/MQX_4_1_1_LINUX_GA/lib/twrvf65gs10_m4.gcc_arm/release/rtcs/obj/ipcfg6.o
/data/CHIMERA/MQX_4_1_1_LINUX_GA/lib/twrvf65gs10_m4.gcc_arm/release/rtcs/obj/bootcomm.o
/data/CHIMERA/MQX_4_1_1_LINUX_GA/lib/twrvf65gs10_m4.gcc_arm/release/rtcs/obj/dnat.o
/data/CHIMERA/MQX_4_1_1_LINUX_GA/lib/twrvf65gs10_m4.gcc_arm/release/rtcs/obj/ticker.o
/data/CHIMERA/MQX_4_1_1_LINUX_GA/lib/twrvf65gs10_m4.gcc_arm/release/rtcs/obj/iputil.o
/data/CHIMERA/MQX_4_1_1_LINUX_GA/lib/twrvf65gs10_m4.gcc_arm/release/rtcs/obj/ifrem.o
/data/CHIMERA/MQX_4_1_1_LINUX_GA/lib/twrvf65gs10_m4.gcc_arm/release/rtcs/obj/binfile.o
/data/CHIMERA/MQX_4_1_1_LINUX_GA/lib/twrvf65gs10_m4.gcc_arm/release/rtcs/obj/ip-e.o
/data/CHIMERA/MQX_4_1_1_LINUX_GA/lib/twrvf65gs10_m4.gcc_arm/release/rtcs/obj/tftpacc.o
/data/CHIMERA/MQX_4_1_1_LINUX_GA/lib/twrvf65gs10_m4.gcc_arm/release/rtcs/obj/soudp.o
/data/CHIMERA/MQX_4_1_1_LINUX_GA/lib/twrvf65gs10_m4.gcc_arm/release/rtcs/obj/ifdns.o
/data/CHIMERA/MQX_4_1_1_LINUX_GA/lib/twrvf65gs10_m4.gcc_arm/release/rtcs/obj/ip.o
/data/CHIMERA/MQX_4_1_1_LINUX_GA/lib/twrvf65gs10_m4.gcc_arm/release/rtcs/obj/rtcs_smtp.o
/data/CHIMERA/MQX_4_1_1_LINUX_GA/lib/twrvf65gs10_m4.gcc_arm/release/rtcs/obj/telnet.o
/data/CHIMERA/MQX_4_1_1_LINUX_GA/lib/twrvf65gs10_m4.gcc_arm/release/rtcs/obj/iftunnel.o
/data/CHIMERA/MQX_4_1_1_LINUX_GA/lib/twrvf65gs10_m4.gcc_arm/release/rtcs/obj/checksum.o
/data/CHIMERA/MQX_4_1_1_LINUX_GA/lib/twrvf65gs10_m4.gcc_arm/release/rtcs/obj/rtcslog0.o
/data/CHIMERA/MQX_4_1_1_LINUX_GA/lib/twrvf65gs10_m4.gcc_arm/release/rtcs/obj/mib.o
/data/CHIMERA/MQX_4_1_1_LINUX_GA/lib/twrvf65gs10_m4.gcc_arm/release/rtcs/obj/ifnat.o
/data/CHIMERA/MQX_4_1_1_LINUX_GA/lib/twrvf65gs10_m4.gcc_arm/release/rtcs/obj/pppglob.o
/data/CHIMERA/MQX_4_1_1_LINUX_GA/lib/twrvf65gs10_m4.gcc_arm/release/rtcs/obj/rtcsload.o
/data/CHIMERA/MQX_4_1_1_LINUX_GA/lib/twrvf65gs10_m4.gcc_arm/release/rtcs/obj/nat.o
/data/CHIMERA/MQX_4_1_1_LINUX_GA/lib/twrvf65gs10_m4.gcc_arm/release/rtcs/obj/natdata.o
/data/CHIMERA/MQX_4_1_1_LINUX_GA/lib/twrvf65gs10_m4.gcc_arm/release/rtcs/obj/rtcs.o
/data/CHIMERA/MQX_4_1_1_LINUX_GA/lib/twrvf65gs10_m4.gcc_arm/release/rtcs/obj/ping.o
/data/CHIMERA/MQX_4_1_1_LINUX_GA/lib/twrvf65gs10_m4.gcc_arm/release/rtcs/obj/tftp.o
/data/CHIMERA/MQX_4_1_1_LINUX_GA/lib/twrvf65gs10_m4.gcc_arm/release/rtcs/obj/srecord.o
/data/CHIMERA/MQX_4_1_1_LINUX_GA/lib/twrvf65gs10_m4.gcc_arm/release/rtcs/obj/udp.o
/data/CHIMERA/MQX_4_1_1_LINUX_GA/lib/twrvf65gs10_m4.gcc_arm/release/rtcs/obj/route.o
/data/CHIMERA/MQX_4_1_1_LINUX_GA/lib/twrvf65gs10_m4.gcc_arm/release/rtcs/obj/snmp.o
/data/CHIMERA/MQX_4_1_1_LINUX_GA/lib/twrvf65gs10_m4.gcc_arm/release/rtcs/obj/natevent.o
/data/CHIMERA/MQX_4_1_1_LINUX_GA/lib/twrvf65gs10_m4.gcc_arm/release/rtcs/obj/ppp.o
/data/CHIMERA/MQX_4_1_1_LINUX_GA/lib/twrvf65gs10_m4.gcc_arm/release/rtcs/obj/inet_ntop.o
/data/CHIMERA/MQX_4_1_1_LINUX_GA/lib/twrvf65gs10_m4.gcc_arm/release/rtcs/obj/inet.o
/data/CHIMERA/MQX_4_1_1_LINUX_GA/lib/twrvf65gs10_m4.gcc_arm/release/rtcs/obj/ipcp.o
/data/CHIMERA/MQX_4_1_1_LINUX_GA/lib/twrvf65gs10_m4.gcc_arm/release/rtcs/obj/rip.o
/data/CHIMERA/MQX_4_1_1_LINUX_GA/lib/twrvf65gs10_m4.gcc_arm/release/rtcs/obj/inet_pton.o
/data/CHIMERA/MQX_4_1_1_LINUX_GA/lib/twrvf65gs10_m4.gcc_arm/release/rtcs/obj/pkttx.o
/data/CHIMERA/MQX_4_1_1_LINUX_GA/lib/twrvf65gs10_m4.gcc_arm/release/rtcs/obj/sotcp.o
/data/CHIMERA/MQX_4_1_1_LINUX_GA/lib/twrvf65gs10_m4.gcc_arm/release/rtcs/obj/ftpsrv_supp.o
/data/CHIMERA/MQX_4_1_1_LINUX_GA/lib/twrvf65gs10_m4.gcc_arm/release/rtcs/obj/ip_reasm.o
/data/CHIMERA/MQX_4_1_1_LINUX_GA/lib/twrvf65gs10_m4.gcc_arm/release/rtcs/obj/sonat.o
/data/CHIMERA/MQX_4_1_1_LINUX_GA/lib/twrvf65gs10_m4.gcc_arm/release/rtcs/obj/ifdnat.o
/data/CHIMERA/MQX_4_1_1_LINUX_GA/lib/twrvf65gs10_m4.gcc_arm/release/rtcs/obj/alggen.o
/data/CHIMERA/MQX_4_1_1_LINUX_GA/lib/twrvf65gs10_m4.gcc_arm/release/rtcs/obj/loadts.o
/data/CHIMERA/MQX_4_1_1_LINUX_GA/lib/twrvf65gs10_m4.gcc_arm/release/rtcs/obj/sdgram.o
/data/CHIMERA/MQX_4_1_1_LINUX_GA/lib/twrvf65gs10_m4.gcc_arm/release/rtcs/obj/getaddrinfo.o
/data/CHIMERA/MQX_4_1_1_LINUX_GA/lib/twrvf65gs10_m4.gcc_arm/release/rtcs/obj/iptunnel.o
/data/CHIMERA/MQX_4_1_1_LINUX_GA/lib/twrvf65gs10_m4.gcc_arm/release/rtcs/obj/echosrv.o
/data/CHIMERA/MQX_4_1_1_LINUX_GA/lib/twrvf65gs10_m4.gcc_arm/release/rtcs/obj/rtcsinit.o
/data/CHIMERA/MQX_4_1_1_LINUX_GA/lib/twrvf65gs10_m4.gcc_arm/release/rtcs/obj/tcp_buf.o
/data/CHIMERA/MQX_4_1_1_LINUX_GA/lib/twrvf65gs10_m4.gcc_arm/release/rtcs/obj/igmp.o
/data/CHIMERA/MQX_4_1_1_LINUX_GA/lib/twrvf65gs10_m4.gcc_arm/release/rtcs/obj/tcp_send.o
/data/CHIMERA/MQX_4_1_1_LINUX_GA/lib/twrvf65gs10_m4.gcc_arm/release/rtcs/obj/bootinit.o
/data/CHIMERA/MQX_4_1_1_LINUX_GA/lib/twrvf65gs10_m4.gcc_arm/release/rtcs/obj/sosock.o
/data/CHIMERA/MQX_4_1_1_LINUX_GA/lib/twrvf65gs10_m4.gcc_arm/release/rtcs/obj/loadtc.o
/data/CHIMERA/MQX_4_1_1_LINUX_GA/lib/twrvf65gs10_m4.gcc_arm/release/rtcs/obj/checksum6.o
/data/CHIMERA/MQX_4_1_1_LINUX_GA/lib/twrvf65gs10_m4.gcc_arm/release/rtcs/obj/loadtb.o
/data/CHIMERA/MQX_4_1_1_LINUX_GA/lib/twrvf65gs10_m4.gcc_arm/release/rtcs/obj/iplocal.o
/data/CHIMERA/MQX_4_1_1_LINUX_GA/lib/twrvf65gs10_m4.gcc_arm/release/rtcs/obj/coff.o
/data/CHIMERA/MQX_4_1_1_LINUX_GA/lib/twrvf65gs10_m4.gcc_arm/release/rtcs/obj/httpsrv_task.o
/data/CHIMERA/MQX_4_1_1_LINUX_GA/lib/twrvf65gs10_m4.gcc_arm/release/rtcs/obj/gen16.o
/data/CHIMERA/MQX_4_1_1_LINUX_GA/lib/twrvf65gs10_m4.gcc_arm/release/rtcs/obj/dnsutil.o
/data/CHIMERA/MQX_4_1_1_LINUX_GA/lib/twrvf65gs10_m4.gcc_arm/release/rtcs/obj/tcp_clos.o
/data/CHIMERA/MQX_4_1_1_LINUX_GA/lib/twrvf65gs10_m4.gcc_arm/release/rtcs/obj/nattftp.o
/data/CHIMERA/MQX_4_1_1_LINUX_GA/lib/twrvf65gs10_m4.gcc_arm/release/rtcs/obj/rtcscmd.o
/data/CHIMERA/MQX_4_1_1_LINUX_GA/lib/twrvf65gs10_m4.gcc_arm/release/rtcs/obj/lcp.o
/data/CHIMERA/MQX_4_1_1_LINUX_GA/lib/twrvf65gs10_m4.gcc_arm/release/rtcs/obj/httpsrv.o
/data/CHIMERA/MQX_4_1_1_LINUX_GA/lib/twrvf65gs10_m4.gcc_arm/release/rtcs/obj/rtcstask.o
/data/CHIMERA/MQX_4_1_1_LINUX_GA/lib/twrvf65gs10_m4.gcc_arm/release/rtcs/obj/srec32.o
/data/CHIMERA/MQX_4_1_1_LINUX_GA/lib/twrvf65gs10_m4.gcc_arm/release/rtcs/obj/igmputil.o
/data/CHIMERA/MQX_4_1_1_LINUX_GA/lib/twrvf65gs10_m4.gcc_arm/release/rtcs/obj/ipcfg.o
