/data/CHIMERA/MQX_4_1_1_LINUX_GA/lib/twrvf65gs10_m4.gcc_arm/release/shell/obj/sh_sendto.o
/data/CHIMERA/MQX_4_1_1_LINUX_GA/lib/twrvf65gs10_m4.gcc_arm/release/shell/obj/sh_rename.o
/data/CHIMERA/MQX_4_1_1_LINUX_GA/lib/twrvf65gs10_m4.gcc_arm/release/shell/obj/sh_copy.o
/data/CHIMERA/MQX_4_1_1_LINUX_GA/lib/twrvf65gs10_m4.gcc_arm/release/shell/obj/sh_abort.o
/data/CHIMERA/MQX_4_1_1_LINUX_GA/lib/twrvf65gs10_m4.gcc_arm/release/shell/obj/sh_snmpd.o
/data/CHIMERA/MQX_4_1_1_LINUX_GA/lib/twrvf65gs10_m4.gcc_arm/release/shell/obj/sh_pwd.o
/data/CHIMERA/MQX_4_1_1_LINUX_GA/lib/twrvf65gs10_m4.gcc_arm/release/shell/obj/sh_load.o
/data/CHIMERA/MQX_4_1_1_LINUX_GA/lib/twrvf65gs10_m4.gcc_arm/release/shell/obj/sh_ppp.o
/data/CHIMERA/MQX_4_1_1_LINUX_GA/lib/twrvf65gs10_m4.gcc_arm/release/shell/obj/sh_readtest.o
/data/CHIMERA/MQX_4_1_1_LINUX_GA/lib/twrvf65gs10_m4.gcc_arm/release/shell/obj/sh_echod.o
/data/CHIMERA/MQX_4_1_1_LINUX_GA/lib/twrvf65gs10_m4.gcc_arm/release/shell/obj/sh_ipconfig.o
/data/CHIMERA/MQX_4_1_1_LINUX_GA/lib/twrvf65gs10_m4.gcc_arm/release/shell/obj/sh_create.o
/data/CHIMERA/MQX_4_1_1_LINUX_GA/lib/twrvf65gs10_m4.gcc_arm/release/shell/obj/sh_cache.o
/data/CHIMERA/MQX_4_1_1_LINUX_GA/lib/twrvf65gs10_m4.gcc_arm/release/shell/obj/sh_help.o
/data/CHIMERA/MQX_4_1_1_LINUX_GA/lib/twrvf65gs10_m4.gcc_arm/release/shell/obj/sh_di.o
/data/CHIMERA/MQX_4_1_1_LINUX_GA/lib/twrvf65gs10_m4.gcc_arm/release/shell/obj/sh_arpdisp.o
/data/CHIMERA/MQX_4_1_1_LINUX_GA/lib/twrvf65gs10_m4.gcc_arm/release/shell/obj/sh_tftp.o
/data/CHIMERA/MQX_4_1_1_LINUX_GA/lib/twrvf65gs10_m4.gcc_arm/release/shell/obj/sh_tad.o
/data/CHIMERA/MQX_4_1_1_LINUX_GA/lib/twrvf65gs10_m4.gcc_arm/release/shell/obj/sh_pause.o
/data/CHIMERA/MQX_4_1_1_LINUX_GA/lib/twrvf65gs10_m4.gcc_arm/release/shell/obj/sh_enet.o
/data/CHIMERA/MQX_4_1_1_LINUX_GA/lib/twrvf65gs10_m4.gcc_arm/release/shell/obj/sh_exit.o
/data/CHIMERA/MQX_4_1_1_LINUX_GA/lib/twrvf65gs10_m4.gcc_arm/release/shell/obj/sh_read.o
/data/CHIMERA/MQX_4_1_1_LINUX_GA/lib/twrvf65gs10_m4.gcc_arm/release/shell/obj/sh_tnet.o
/data/CHIMERA/MQX_4_1_1_LINUX_GA/lib/twrvf65gs10_m4.gcc_arm/release/shell/obj/sh_gate.o
/data/CHIMERA/MQX_4_1_1_LINUX_GA/lib/twrvf65gs10_m4.gcc_arm/release/shell/obj/sh_ftpd.o
/data/CHIMERA/MQX_4_1_1_LINUX_GA/lib/twrvf65gs10_m4.gcc_arm/release/shell/obj/sh_format.o
/data/CHIMERA/MQX_4_1_1_LINUX_GA/lib/twrvf65gs10_m4.gcc_arm/release/shell/obj/sh_writetest.o
/data/CHIMERA/MQX_4_1_1_LINUX_GA/lib/twrvf65gs10_m4.gcc_arm/release/shell/obj/sh_ghbn.o
/data/CHIMERA/MQX_4_1_1_LINUX_GA/lib/twrvf65gs10_m4.gcc_arm/release/shell/obj/sh_flush.o
/data/CHIMERA/MQX_4_1_1_LINUX_GA/lib/twrvf65gs10_m4.gcc_arm/release/shell/obj/sh_nat.o
/data/CHIMERA/MQX_4_1_1_LINUX_GA/lib/twrvf65gs10_m4.gcc_arm/release/shell/obj/sh_getroute.o
/data/CHIMERA/MQX_4_1_1_LINUX_GA/lib/twrvf65gs10_m4.gcc_arm/release/shell/obj/sh_dir.o
/data/CHIMERA/MQX_4_1_1_LINUX_GA/lib/twrvf65gs10_m4.gcc_arm/release/shell/obj/sh_ftpc.o
/data/CHIMERA/MQX_4_1_1_LINUX_GA/lib/twrvf65gs10_m4.gcc_arm/release/shell/obj/sh_smtp.o
/data/CHIMERA/MQX_4_1_1_LINUX_GA/lib/twrvf65gs10_m4.gcc_arm/release/shell/obj/sh_tftpd.o
/data/CHIMERA/MQX_4_1_1_LINUX_GA/lib/twrvf65gs10_m4.gcc_arm/release/shell/obj/sh_write.o
/data/CHIMERA/MQX_4_1_1_LINUX_GA/lib/twrvf65gs10_m4.gcc_arm/release/shell/obj/sh_cd.o
/data/CHIMERA/MQX_4_1_1_LINUX_GA/lib/twrvf65gs10_m4.gcc_arm/release/shell/obj/sh_dirent.o
/data/CHIMERA/MQX_4_1_1_LINUX_GA/lib/twrvf65gs10_m4.gcc_arm/release/shell/obj/sh_cmdlist.o
/data/CHIMERA/MQX_4_1_1_LINUX_GA/lib/twrvf65gs10_m4.gcc_arm/release/shell/obj/sh_kill.o
/data/CHIMERA/MQX_4_1_1_LINUX_GA/lib/twrvf65gs10_m4.gcc_arm/release/shell/obj/sh_mkdir.o
/data/CHIMERA/MQX_4_1_1_LINUX_GA/lib/twrvf65gs10_m4.gcc_arm/release/shell/obj/sh_exec.o
/data/CHIMERA/MQX_4_1_1_LINUX_GA/lib/twrvf65gs10_m4.gcc_arm/release/shell/obj/sh_eds.o
/data/CHIMERA/MQX_4_1_1_LINUX_GA/lib/twrvf65gs10_m4.gcc_arm/release/shell/obj/sh_rtcs.o
/data/CHIMERA/MQX_4_1_1_LINUX_GA/lib/twrvf65gs10_m4.gcc_arm/release/shell/obj/sh_ping.o
/data/CHIMERA/MQX_4_1_1_LINUX_GA/lib/twrvf65gs10_m4.gcc_arm/release/shell/obj/sh_df.o
/data/CHIMERA/MQX_4_1_1_LINUX_GA/lib/twrvf65gs10_m4.gcc_arm/release/shell/obj/sh_sh.o
/data/CHIMERA/MQX_4_1_1_LINUX_GA/lib/twrvf65gs10_m4.gcc_arm/release/shell/obj/sh_tnetd.o
/data/CHIMERA/MQX_4_1_1_LINUX_GA/lib/twrvf65gs10_m4.gcc_arm/release/shell/obj/sh_rmdir.o
/data/CHIMERA/MQX_4_1_1_LINUX_GA/lib/twrvf65gs10_m4.gcc_arm/release/shell/obj/sh_iwconfig.o
/data/CHIMERA/MQX_4_1_1_LINUX_GA/lib/twrvf65gs10_m4.gcc_arm/release/shell/obj/sh_disect.o
/data/CHIMERA/MQX_4_1_1_LINUX_GA/lib/twrvf65gs10_m4.gcc_arm/release/shell/obj/shell.o
/data/CHIMERA/MQX_4_1_1_LINUX_GA/lib/twrvf65gs10_m4.gcc_arm/release/shell/obj/sh_del.o
/data/CHIMERA/MQX_4_1_1_LINUX_GA/lib/twrvf65gs10_m4.gcc_arm/release/shell/obj/sh_util.o
/data/CHIMERA/MQX_4_1_1_LINUX_GA/lib/twrvf65gs10_m4.gcc_arm/release/shell/obj/sh_type.o
/data/CHIMERA/MQX_4_1_1_LINUX_GA/lib/twrvf65gs10_m4.gcc_arm/release/shell/obj/sh_compare.o
/data/CHIMERA/MQX_4_1_1_LINUX_GA/lib/twrvf65gs10_m4.gcc_arm/release/shell/obj/sh_clock.o
/data/CHIMERA/MQX_4_1_1_LINUX_GA/lib/twrvf65gs10_m4.gcc_arm/release/shell/obj/sh_nstat.o
