/data/CHIMERA/MQX_4_1_1_LINUX_GA/lib/twrvf65gs10_m4.gcc_arm/release/ffs/obj/red_black_tree.o
/data/CHIMERA/MQX_4_1_1_LINUX_GA/lib/twrvf65gs10_m4.gcc_arm/release/ffs/obj/ddi_nand_data_drive_erase.o
/data/CHIMERA/MQX_4_1_1_LINUX_GA/lib/twrvf65gs10_m4.gcc_arm/release/ffs/obj/ddi_nand_ndd_flush.o
/data/CHIMERA/MQX_4_1_1_LINUX_GA/lib/twrvf65gs10_m4.gcc_arm/release/ffs/obj/ddi_nand_media_allocate.o
/data/CHIMERA/MQX_4_1_1_LINUX_GA/lib/twrvf65gs10_m4.gcc_arm/release/ffs/obj/ddi_nand_media_init.o
/data/CHIMERA/MQX_4_1_1_LINUX_GA/lib/twrvf65gs10_m4.gcc_arm/release/ffs/obj/errcode.o
/data/CHIMERA/MQX_4_1_1_LINUX_GA/lib/twrvf65gs10_m4.gcc_arm/release/ffs/obj/ddi_page.o
/data/CHIMERA/MQX_4_1_1_LINUX_GA/lib/twrvf65gs10_m4.gcc_arm/release/ffs/obj/ddi_ldl_read.o
/data/CHIMERA/MQX_4_1_1_LINUX_GA/lib/twrvf65gs10_m4.gcc_arm/release/ffs/obj/ddi_nand_data_drive_set_info.o
/data/CHIMERA/MQX_4_1_1_LINUX_GA/lib/twrvf65gs10_m4.gcc_arm/release/ffs/obj/ddi_ldl_util.o
/data/CHIMERA/MQX_4_1_1_LINUX_GA/lib/twrvf65gs10_m4.gcc_arm/release/ffs/obj/ddi_nand_nssm_get_entry.o
/data/CHIMERA/MQX_4_1_1_LINUX_GA/lib/twrvf65gs10_m4.gcc_arm/release/ffs/obj/ddi_nand_media_regions.o
/data/CHIMERA/MQX_4_1_1_LINUX_GA/lib/twrvf65gs10_m4.gcc_arm/release/ffs/obj/zone_map_section_page.o
/data/CHIMERA/MQX_4_1_1_LINUX_GA/lib/twrvf65gs10_m4.gcc_arm/release/ffs/obj/ddi_nand_data_drive_init.o
/data/CHIMERA/MQX_4_1_1_LINUX_GA/lib/twrvf65gs10_m4.gcc_arm/release/ffs/obj/nandflash_wl.o
/data/CHIMERA/MQX_4_1_1_LINUX_GA/lib/twrvf65gs10_m4.gcc_arm/release/ffs/obj/deferred_task_queue.o
/data/CHIMERA/MQX_4_1_1_LINUX_GA/lib/twrvf65gs10_m4.gcc_arm/release/ffs/obj/ddi_nand_mapper_utilities.o
/data/CHIMERA/MQX_4_1_1_LINUX_GA/lib/twrvf65gs10_m4.gcc_arm/release/ffs/obj/ddi_ldl_write.o
/data/CHIMERA/MQX_4_1_1_LINUX_GA/lib/twrvf65gs10_m4.gcc_arm/release/ffs/obj/ddi_ldl_init.o
/data/CHIMERA/MQX_4_1_1_LINUX_GA/lib/twrvf65gs10_m4.gcc_arm/release/ffs/obj/media_buffer_manager.o
/data/CHIMERA/MQX_4_1_1_LINUX_GA/lib/twrvf65gs10_m4.gcc_arm/release/ffs/obj/nandflash_wl_init.o
/data/CHIMERA/MQX_4_1_1_LINUX_GA/lib/twrvf65gs10_m4.gcc_arm/release/ffs/obj/ddi_nand_media_get_info.o
/data/CHIMERA/MQX_4_1_1_LINUX_GA/lib/twrvf65gs10_m4.gcc_arm/release/ffs/obj/persistent_phy_map.o
/data/CHIMERA/MQX_4_1_1_LINUX_GA/lib/twrvf65gs10_m4.gcc_arm/release/ffs/obj/page_order_map.o
/data/CHIMERA/MQX_4_1_1_LINUX_GA/lib/twrvf65gs10_m4.gcc_arm/release/ffs/obj/nfc_wl.o
/data/CHIMERA/MQX_4_1_1_LINUX_GA/lib/twrvf65gs10_m4.gcc_arm/release/ffs/obj/wl_common.o
/data/CHIMERA/MQX_4_1_1_LINUX_GA/lib/twrvf65gs10_m4.gcc_arm/release/ffs/obj/ddi_nand_media_shutdown.o
/data/CHIMERA/MQX_4_1_1_LINUX_GA/lib/twrvf65gs10_m4.gcc_arm/release/ffs/obj/simple_timer.o
/data/CHIMERA/MQX_4_1_1_LINUX_GA/lib/twrvf65gs10_m4.gcc_arm/release/ffs/obj/ddi_nand_media_discover.o
/data/CHIMERA/MQX_4_1_1_LINUX_GA/lib/twrvf65gs10_m4.gcc_arm/release/ffs/obj/ddi_nand_hal_init.o
/data/CHIMERA/MQX_4_1_1_LINUX_GA/lib/twrvf65gs10_m4.gcc_arm/release/ffs/obj/ddi_nand_media_definition.o
/data/CHIMERA/MQX_4_1_1_LINUX_GA/lib/twrvf65gs10_m4.gcc_arm/release/ffs/obj/nonsequential_sectors_map.o
/data/CHIMERA/MQX_4_1_1_LINUX_GA/lib/twrvf65gs10_m4.gcc_arm/release/ffs/obj/ddi_ldl_drive_get_info.o
/data/CHIMERA/MQX_4_1_1_LINUX_GA/lib/twrvf65gs10_m4.gcc_arm/release/ffs/obj/mem_management.o
/data/CHIMERA/MQX_4_1_1_LINUX_GA/lib/twrvf65gs10_m4.gcc_arm/release/ffs/obj/simple_mutex.o
/data/CHIMERA/MQX_4_1_1_LINUX_GA/lib/twrvf65gs10_m4.gcc_arm/release/ffs/obj/ddi_nand_hal_common.o
/data/CHIMERA/MQX_4_1_1_LINUX_GA/lib/twrvf65gs10_m4.gcc_arm/release/ffs/obj/bad_block_table.o
/data/CHIMERA/MQX_4_1_1_LINUX_GA/lib/twrvf65gs10_m4.gcc_arm/release/ffs/obj/ddi_nand_mapper_zone_map_cache_lookup.o
/data/CHIMERA/MQX_4_1_1_LINUX_GA/lib/twrvf65gs10_m4.gcc_arm/release/ffs/obj/ddi_nand_mapper_get_info.o
/data/CHIMERA/MQX_4_1_1_LINUX_GA/lib/twrvf65gs10_m4.gcc_arm/release/ffs/obj/double_list.o
/data/CHIMERA/MQX_4_1_1_LINUX_GA/lib/twrvf65gs10_m4.gcc_arm/release/ffs/obj/mapper.o
/data/CHIMERA/MQX_4_1_1_LINUX_GA/lib/twrvf65gs10_m4.gcc_arm/release/ffs/obj/ddi_nand_data_drive_get_info.o
/data/CHIMERA/MQX_4_1_1_LINUX_GA/lib/twrvf65gs10_m4.gcc_arm/release/ffs/obj/deferred_task.o
/data/CHIMERA/MQX_4_1_1_LINUX_GA/lib/twrvf65gs10_m4.gcc_arm/release/ffs/obj/wlru.o
/data/CHIMERA/MQX_4_1_1_LINUX_GA/lib/twrvf65gs10_m4.gcc_arm/release/ffs/obj/ddi_nand_data_drive_read_sector.o
/data/CHIMERA/MQX_4_1_1_LINUX_GA/lib/twrvf65gs10_m4.gcc_arm/release/ffs/obj/ddi_ldl_iterator.o
/data/CHIMERA/MQX_4_1_1_LINUX_GA/lib/twrvf65gs10_m4.gcc_arm/release/ffs/obj/persistent_map.o
/data/CHIMERA/MQX_4_1_1_LINUX_GA/lib/twrvf65gs10_m4.gcc_arm/release/ffs/obj/ddi_nand_ndd_write_sector.o
/data/CHIMERA/MQX_4_1_1_LINUX_GA/lib/twrvf65gs10_m4.gcc_arm/release/ffs/obj/ddi_nand_hal_globals.o
/data/CHIMERA/MQX_4_1_1_LINUX_GA/lib/twrvf65gs10_m4.gcc_arm/release/ffs/obj/ddi_metadata.o
/data/CHIMERA/MQX_4_1_1_LINUX_GA/lib/twrvf65gs10_m4.gcc_arm/release/ffs/obj/ddi_nand_hal_nfcphymedia.o
/data/CHIMERA/MQX_4_1_1_LINUX_GA/lib/twrvf65gs10_m4.gcc_arm/release/ffs/obj/phy_map.o
/data/CHIMERA/MQX_4_1_1_LINUX_GA/lib/twrvf65gs10_m4.gcc_arm/release/ffs/obj/zone_map_cache.o
/data/CHIMERA/MQX_4_1_1_LINUX_GA/lib/twrvf65gs10_m4.gcc_arm/release/ffs/obj/ddi_block.o
/data/CHIMERA/MQX_4_1_1_LINUX_GA/lib/twrvf65gs10_m4.gcc_arm/release/ffs/obj/media_buffer_manager_init.o
