/data/CHIMERA/MQX_4_1_1_LINUX_GA/lib/twrvf65gs10_m4.gcc_arm/release/mfs/obj/mfs_time.o
/data/CHIMERA/MQX_4_1_1_LINUX_GA/lib/twrvf65gs10_m4.gcc_arm/release/mfs/obj/mfs_handle.o
/data/CHIMERA/MQX_4_1_1_LINUX_GA/lib/twrvf65gs10_m4.gcc_arm/release/mfs/obj/mfs_misc.o
/data/CHIMERA/MQX_4_1_1_LINUX_GA/lib/twrvf65gs10_m4.gcc_arm/release/mfs/obj/mfs_search.o
/data/CHIMERA/MQX_4_1_1_LINUX_GA/lib/twrvf65gs10_m4.gcc_arm/release/mfs/obj/mfs_open.o
/data/CHIMERA/MQX_4_1_1_LINUX_GA/lib/twrvf65gs10_m4.gcc_arm/release/mfs/obj/mfs_fat.o
/data/CHIMERA/MQX_4_1_1_LINUX_GA/lib/twrvf65gs10_m4.gcc_arm/release/mfs/obj/mfs_lfn.o
/data/CHIMERA/MQX_4_1_1_LINUX_GA/lib/twrvf65gs10_m4.gcc_arm/release/mfs/obj/mfs_parse.o
/data/CHIMERA/MQX_4_1_1_LINUX_GA/lib/twrvf65gs10_m4.gcc_arm/release/mfs/obj/mfs_init.o
/data/CHIMERA/MQX_4_1_1_LINUX_GA/lib/twrvf65gs10_m4.gcc_arm/release/mfs/obj/part_mgr.o
/data/CHIMERA/MQX_4_1_1_LINUX_GA/lib/twrvf65gs10_m4.gcc_arm/release/mfs/obj/mfs_directory.o
/data/CHIMERA/MQX_4_1_1_LINUX_GA/lib/twrvf65gs10_m4.gcc_arm/release/mfs/obj/mfs_attribute.o
/data/CHIMERA/MQX_4_1_1_LINUX_GA/lib/twrvf65gs10_m4.gcc_arm/release/mfs/obj/mfs_data_sector.o
/data/CHIMERA/MQX_4_1_1_LINUX_GA/lib/twrvf65gs10_m4.gcc_arm/release/mfs/obj/mfs_rw.o
/data/CHIMERA/MQX_4_1_1_LINUX_GA/lib/twrvf65gs10_m4.gcc_arm/release/mfs/obj/mfs_format.o
/data/CHIMERA/MQX_4_1_1_LINUX_GA/lib/twrvf65gs10_m4.gcc_arm/release/mfs/obj/mfs_read.o
/data/CHIMERA/MQX_4_1_1_LINUX_GA/lib/twrvf65gs10_m4.gcc_arm/release/mfs/obj/dir_read.o
/data/CHIMERA/MQX_4_1_1_LINUX_GA/lib/twrvf65gs10_m4.gcc_arm/release/mfs/obj/mfs_write.o
/data/CHIMERA/MQX_4_1_1_LINUX_GA/lib/twrvf65gs10_m4.gcc_arm/release/mfs/obj/mfs_delete.o
/data/CHIMERA/MQX_4_1_1_LINUX_GA/lib/twrvf65gs10_m4.gcc_arm/release/mfs/obj/mfs_dir_entry.o
/data/CHIMERA/MQX_4_1_1_LINUX_GA/lib/twrvf65gs10_m4.gcc_arm/release/mfs/obj/mfs_valdev.o
/data/CHIMERA/MQX_4_1_1_LINUX_GA/lib/twrvf65gs10_m4.gcc_arm/release/mfs/obj/mfs_cluster.o
/data/CHIMERA/MQX_4_1_1_LINUX_GA/lib/twrvf65gs10_m4.gcc_arm/release/mfs/obj/mfs_rename.o
/data/CHIMERA/MQX_4_1_1_LINUX_GA/lib/twrvf65gs10_m4.gcc_arm/release/mfs/obj/mfs_create.o
