/data/CHIMERA/MQX_4_1_1_LINUX_GA/lib/twrvf65gs10_m4.gcc_arm/release/usb/obj/host_ch9.o
/data/CHIMERA/MQX_4_1_1_LINUX_GA/lib/twrvf65gs10_m4.gcc_arm/release/usb/obj/dev_ep_deinit.o
/data/CHIMERA/MQX_4_1_1_LINUX_GA/lib/twrvf65gs10_m4.gcc_arm/release/usb/obj/usb_host_msd_bo.o
/data/CHIMERA/MQX_4_1_1_LINUX_GA/lib/twrvf65gs10_m4.gcc_arm/release/usb/obj/usb_hid.o
/data/CHIMERA/MQX_4_1_1_LINUX_GA/lib/twrvf65gs10_m4.gcc_arm/release/usb/obj/dev_send.o
/data/CHIMERA/MQX_4_1_1_LINUX_GA/lib/twrvf65gs10_m4.gcc_arm/release/usb/obj/dev_utl.o
/data/CHIMERA/MQX_4_1_1_LINUX_GA/lib/twrvf65gs10_m4.gcc_arm/release/usb/obj/usb_cdc.o
/data/CHIMERA/MQX_4_1_1_LINUX_GA/lib/twrvf65gs10_m4.gcc_arm/release/usb/obj/host_snd.o
/data/CHIMERA/MQX_4_1_1_LINUX_GA/lib/twrvf65gs10_m4.gcc_arm/release/usb/obj/dev_recv.o
/data/CHIMERA/MQX_4_1_1_LINUX_GA/lib/twrvf65gs10_m4.gcc_arm/release/usb/obj/host_dev_list.o
/data/CHIMERA/MQX_4_1_1_LINUX_GA/lib/twrvf65gs10_m4.gcc_arm/release/usb/obj/host_shut.o
/data/CHIMERA/MQX_4_1_1_LINUX_GA/lib/twrvf65gs10_m4.gcc_arm/release/usb/obj/usb_mqx.o
/data/CHIMERA/MQX_4_1_1_LINUX_GA/lib/twrvf65gs10_m4.gcc_arm/release/usb/obj/ehci_iso.o
/data/CHIMERA/MQX_4_1_1_LINUX_GA/lib/twrvf65gs10_m4.gcc_arm/release/usb/obj/usb_host_audio_intf.o
/data/CHIMERA/MQX_4_1_1_LINUX_GA/lib/twrvf65gs10_m4.gcc_arm/release/usb/obj/usb_class.o
/data/CHIMERA/MQX_4_1_1_LINUX_GA/lib/twrvf65gs10_m4.gcc_arm/release/usb/obj/dev_main.o
/data/CHIMERA/MQX_4_1_1_LINUX_GA/lib/twrvf65gs10_m4.gcc_arm/release/usb/obj/usb_host_hid.o
/data/CHIMERA/MQX_4_1_1_LINUX_GA/lib/twrvf65gs10_m4.gcc_arm/release/usb/obj/host_cnl.o
/data/CHIMERA/MQX_4_1_1_LINUX_GA/lib/twrvf65gs10_m4.gcc_arm/release/usb/obj/dev_shut.o
/data/CHIMERA/MQX_4_1_1_LINUX_GA/lib/twrvf65gs10_m4.gcc_arm/release/usb/obj/usb_host_phdc.o
/data/CHIMERA/MQX_4_1_1_LINUX_GA/lib/twrvf65gs10_m4.gcc_arm/release/usb/obj/usb_host_msd_queue.o
/data/CHIMERA/MQX_4_1_1_LINUX_GA/lib/twrvf65gs10_m4.gcc_arm/release/usb/obj/usb_host_hub.o
/data/CHIMERA/MQX_4_1_1_LINUX_GA/lib/twrvf65gs10_m4.gcc_arm/release/usb/obj/usb_host_msd_ufi.o
/data/CHIMERA/MQX_4_1_1_LINUX_GA/lib/twrvf65gs10_m4.gcc_arm/release/usb/obj/mqx_dll.o
/data/CHIMERA/MQX_4_1_1_LINUX_GA/lib/twrvf65gs10_m4.gcc_arm/release/usb/obj/ehci_shut.o
/data/CHIMERA/MQX_4_1_1_LINUX_GA/lib/twrvf65gs10_m4.gcc_arm/release/usb/obj/callback_ehci.o
/data/CHIMERA/MQX_4_1_1_LINUX_GA/lib/twrvf65gs10_m4.gcc_arm/release/usb/obj/ehci_dev_main.o
/data/CHIMERA/MQX_4_1_1_LINUX_GA/lib/twrvf65gs10_m4.gcc_arm/release/usb/obj/usb_msc_scsi.o
/data/CHIMERA/MQX_4_1_1_LINUX_GA/lib/twrvf65gs10_m4.gcc_arm/release/usb/obj/usb_host_hub_sm.o
/data/CHIMERA/MQX_4_1_1_LINUX_GA/lib/twrvf65gs10_m4.gcc_arm/release/usb/obj/usb_phdc.o
/data/CHIMERA/MQX_4_1_1_LINUX_GA/lib/twrvf65gs10_m4.gcc_arm/release/usb/obj/host_close.o
/data/CHIMERA/MQX_4_1_1_LINUX_GA/lib/twrvf65gs10_m4.gcc_arm/release/usb/obj/usb_audio.o
/data/CHIMERA/MQX_4_1_1_LINUX_GA/lib/twrvf65gs10_m4.gcc_arm/release/usb/obj/usb_host_cdc_intf.o
/data/CHIMERA/MQX_4_1_1_LINUX_GA/lib/twrvf65gs10_m4.gcc_arm/release/usb/obj/ehci_main.o
/data/CHIMERA/MQX_4_1_1_LINUX_GA/lib/twrvf65gs10_m4.gcc_arm/release/usb/obj/usb_msc.o
/data/CHIMERA/MQX_4_1_1_LINUX_GA/lib/twrvf65gs10_m4.gcc_arm/release/usb/obj/usbmfs.o
/data/CHIMERA/MQX_4_1_1_LINUX_GA/lib/twrvf65gs10_m4.gcc_arm/release/usb/obj/usb_host_printer.o
/data/CHIMERA/MQX_4_1_1_LINUX_GA/lib/twrvf65gs10_m4.gcc_arm/release/usb/obj/ehci_bw.o
/data/CHIMERA/MQX_4_1_1_LINUX_GA/lib/twrvf65gs10_m4.gcc_arm/release/usb/obj/host_common.o
/data/CHIMERA/MQX_4_1_1_LINUX_GA/lib/twrvf65gs10_m4.gcc_arm/release/usb/obj/ehci_intr.o
/data/CHIMERA/MQX_4_1_1_LINUX_GA/lib/twrvf65gs10_m4.gcc_arm/release/usb/obj/host_rcv.o
/data/CHIMERA/MQX_4_1_1_LINUX_GA/lib/twrvf65gs10_m4.gcc_arm/release/usb/obj/usb_cdc_pstn.o
/data/CHIMERA/MQX_4_1_1_LINUX_GA/lib/twrvf65gs10_m4.gcc_arm/release/usb/obj/usb_host_audio.o
/data/CHIMERA/MQX_4_1_1_LINUX_GA/lib/twrvf65gs10_m4.gcc_arm/release/usb/obj/host_main.o
/data/CHIMERA/MQX_4_1_1_LINUX_GA/lib/twrvf65gs10_m4.gcc_arm/release/usb/obj/ehci_utl.o
/data/CHIMERA/MQX_4_1_1_LINUX_GA/lib/twrvf65gs10_m4.gcc_arm/release/usb/obj/ehci_cncl.o
/data/CHIMERA/MQX_4_1_1_LINUX_GA/lib/twrvf65gs10_m4.gcc_arm/release/usb/obj/usb_framework.o
/data/CHIMERA/MQX_4_1_1_LINUX_GA/lib/twrvf65gs10_m4.gcc_arm/release/usb/obj/dev_cncl.o
/data/CHIMERA/MQX_4_1_1_LINUX_GA/lib/twrvf65gs10_m4.gcc_arm/release/usb/obj/usb_host_cdc.o
